x1,x2,x3,y
1,1,70,1
1,1,80,1
1,1,50,1
1,0,60,1
1,0,40,1
1,0,65,1
1,0,75,1
1,0,80,1
1,0,70,1
1,0,60,1
1,1,65,0
1,1,50,0
1,1,45,0
1,1,35,0
1,1,40,0
1,1,50,0
1,0,55,0
1,0,45,0
1,0,50,0
1,0,60,0
